// Vitest Snapshot v1, https://vitest.dev/guide/snapshot.html

exports[`App > matches the snapshot App component 1`] = `
<div>
  <div>
    <div>
      <label
        for="search"
      >
        Search:
      </label>
      <input
        id="search"
        type="text"
        value=""
      />
    </div>
    <p>
      Searches for 
      ...
    </p>
  </div>
</div>
`;
